Timing Analyzer report for piano
Sun Apr 28 11:11:26 2024
Quartus Prime Version 18.1.0 Build 625 09/12/2018 SJ Lite Edition


---------------------
; Table of Contents ;
---------------------
  1. Legal Notice
  2. Timing Analyzer Summary
  3. Parallel Compilation
  4. Clocks
  5. Slow 1200mV 85C Model Fmax Summary
  6. Slow 1200mV 85C Model Setup Summary
  7. Slow 1200mV 85C Model Hold Summary
  8. Slow 1200mV 85C Model Recovery Summary
  9. Slow 1200mV 85C Model Removal Summary
 10. Slow 1200mV 85C Model Minimum Pulse Width Summary
 11. Slow 1200mV 85C Model Metastability Summary
 12. Slow 1200mV 0C Model Fmax Summary
 13. Slow 1200mV 0C Model Setup Summary
 14. Slow 1200mV 0C Model Hold Summary
 15. Slow 1200mV 0C Model Recovery Summary
 16. Slow 1200mV 0C Model Removal Summary
 17. Slow 1200mV 0C Model Minimum Pulse Width Summary
 18. Slow 1200mV 0C Model Metastability Summary
 19. Fast 1200mV 0C Model Setup Summary
 20. Fast 1200mV 0C Model Hold Summary
 21. Fast 1200mV 0C Model Recovery Summary
 22. Fast 1200mV 0C Model Removal Summary
 23. Fast 1200mV 0C Model Minimum Pulse Width Summary
 24. Fast 1200mV 0C Model Metastability Summary
 25. Multicorner Timing Analysis Summary
 26. Board Trace Model Assignments
 27. Input Transition Times
 28. Signal Integrity Metrics (Slow 1200mv 0c Model)
 29. Signal Integrity Metrics (Slow 1200mv 85c Model)
 30. Signal Integrity Metrics (Fast 1200mv 0c Model)
 31. Setup Transfers
 32. Hold Transfers
 33. Recovery Transfers
 34. Removal Transfers
 35. Report TCCS
 36. Report RSKM
 37. Unconstrained Paths Summary
 38. Clock Status Summary
 39. Unconstrained Input Ports
 40. Unconstrained Output Ports
 41. Unconstrained Input Ports
 42. Unconstrained Output Ports
 43. Timing Analyzer Messages



----------------
; Legal Notice ;
----------------
Copyright (C) 2018  Intel Corporation. All rights reserved.
Your use of Intel Corporation's design tools, logic functions 
and other software and tools, and its AMPP partner logic 
functions, and any output files from any of the foregoing 
(including device programming or simulation files), and any 
associated documentation or information are expressly subject 
to the terms and conditions of the Intel Program License 
Subscription Agreement, the Intel Quartus Prime License Agreement,
the Intel FPGA IP License Agreement, or other applicable license
agreement, including, without limitation, that your use is for
the sole purpose of programming logic devices manufactured by
Intel and sold by Intel or its authorized distributors.  Please
refer to the applicable agreement for further details.



+-----------------------------------------------------------------------------+
; Timing Analyzer Summary                                                     ;
+-----------------------+-----------------------------------------------------+
; Quartus Prime Version ; Version 18.1.0 Build 625 09/12/2018 SJ Lite Edition ;
; Timing Analyzer       ; Legacy Timing Analyzer                              ;
; Revision Name         ; piano                                               ;
; Device Family         ; MAX 10                                              ;
; Device Name           ; 10M08SAM153C8G                                      ;
; Timing Models         ; Final                                               ;
; Delay Model           ; Combined                                            ;
; Rise/Fall Delays      ; Enabled                                             ;
+-----------------------+-----------------------------------------------------+


+------------------------------------------+
; Parallel Compilation                     ;
+----------------------------+-------------+
; Processors                 ; Number      ;
+----------------------------+-------------+
; Number detected on machine ; 16          ;
; Maximum allowed            ; 16          ;
;                            ;             ;
; Average used               ; 1.31        ;
; Maximum used               ; 16          ;
;                            ;             ;
; Usage by Processor         ; % Time Used ;
;     Processor 1            ; 100.0%      ;
;     Processor 2            ;   2.1%      ;
;     Processors 3-16        ;   2.1%      ;
+----------------------------+-------------+


+------------------------------------------------------------------------------------------------------------------------------------------------------------------------------------------------------------------------------------------------------------------------------------------------------------------------------+
; Clocks                                                                                                                                                                                                                                                                                                                       ;
+--------------------------------------------------+-----------+------------+------------+-------+------------+------------+-----------+-------------+-------+--------+-----------+------------+----------+--------+----------------------------------------------------+------------------------------------------------------+
; Clock Name                                       ; Type      ; Period     ; Frequency  ; Rise  ; Fall       ; Duty Cycle ; Divide by ; Multiply by ; Phase ; Offset ; Edge List ; Edge Shift ; Inverted ; Master ; Source                                             ; Targets                                              ;
+--------------------------------------------------+-----------+------------+------------+-------+------------+------------+-----------+-------------+-------+--------+-----------+------------+----------+--------+----------------------------------------------------+------------------------------------------------------+
; CLK                                              ; Base      ; 83.333     ; 12.0 MHz   ; 0.000 ; 41.666     ;            ;           ;             ;       ;        ;           ;            ;          ;        ;                                                    ; { CLK }                                              ;
; debounce:inst14|clean_key                        ; Base      ; 1.000      ; 1000.0 MHz ; 0.000 ; 0.500      ;            ;           ;             ;       ;        ;           ;            ;          ;        ;                                                    ; { debounce:inst14|clean_key }                        ;
; FDIV:inst9|FULL                                  ; Base      ; 1.000      ; 1000.0 MHz ; 0.000 ; 0.500      ;            ;           ;             ;       ;        ;           ;            ;          ;        ;                                                    ; { FDIV:inst9|FULL }                                  ;
; inst|altpll_component|auto_generated|pll1|clk[0] ; Generated ; 999.996    ; 1.0 MHz    ; 0.000 ; 499.998    ; 50.00      ; 12        ; 1           ;       ;        ;           ;            ; false    ; CLK    ; inst|altpll_component|auto_generated|pll1|inclk[0] ; { inst|altpll_component|auto_generated|pll1|clk[0] } ;
; inst|altpll_component|auto_generated|pll1|clk[1] ; Generated ; 499998.000 ; 0.0 MHz    ; 0.000 ; 249999.000 ; 50.00      ; 6000      ; 1           ;       ;        ;           ;            ; false    ; CLK    ; inst|altpll_component|auto_generated|pll1|inclk[0] ; { inst|altpll_component|auto_generated|pll1|clk[1] } ;
; SPKER:inst5|SPKS                                 ; Base      ; 1.000      ; 1000.0 MHz ; 0.000 ; 0.500      ;            ;           ;             ;       ;        ;           ;            ;          ;        ;                                                    ; { SPKER:inst5|SPKS }                                 ;
+--------------------------------------------------+-----------+------------+------------+-------+------------+------------+-----------+-------------+-------+--------+-----------+------------+----------+--------+----------------------------------------------------+------------------------------------------------------+


+-----------------------------------------------------------------------------------------------------------------------------------+
; Slow 1200mV 85C Model Fmax Summary                                                                                                ;
+-------------+-----------------+--------------------------------------------------+------------------------------------------------+
; Fmax        ; Restricted Fmax ; Clock Name                                       ; Note                                           ;
+-------------+-----------------+--------------------------------------------------+------------------------------------------------+
; 152.84 MHz  ; 152.84 MHz      ; inst|altpll_component|auto_generated|pll1|clk[0] ;                                                ;
; 386.1 MHz   ; 386.1 MHz       ; FDIV:inst9|FULL                                  ;                                                ;
; 399.84 MHz  ; 399.84 MHz      ; inst|altpll_component|auto_generated|pll1|clk[1] ;                                                ;
; 593.47 MHz  ; 402.09 MHz      ; debounce:inst14|clean_key                        ; limit due to minimum period restriction (tmin) ;
; 1353.18 MHz ; 402.09 MHz      ; SPKER:inst5|SPKS                                 ; limit due to minimum period restriction (tmin) ;
+-------------+-----------------+--------------------------------------------------+------------------------------------------------+
This panel reports FMAX for every clock in the design, regardless of the user-specified clock periods.  FMAX is only computed for paths where the source and destination registers or ports are driven by the same clock.  Paths of different clocks, including generated clocks, are ignored.  For paths between a clock and its inversion, FMAX is computed as if the rising and falling edges are scaled along with FMAX, such that the duty cycle (in terms of a percentage) is maintained. Altera recommends that you always use clock constraints and other slack reports for sign-off analysis.


+-------------------------------------------------------------------------------+
; Slow 1200mV 85C Model Setup Summary                                           ;
+--------------------------------------------------+------------+---------------+
; Clock                                            ; Slack      ; End Point TNS ;
+--------------------------------------------------+------------+---------------+
; inst|altpll_component|auto_generated|pll1|clk[0] ; -9.188     ; -98.194       ;
; FDIV:inst9|FULL                                  ; -1.590     ; -9.979        ;
; debounce:inst14|clean_key                        ; -0.685     ; -0.685        ;
; SPKER:inst5|SPKS                                 ; 0.261      ; 0.000         ;
; inst|altpll_component|auto_generated|pll1|clk[1] ; 499995.499 ; 0.000         ;
+--------------------------------------------------+------------+---------------+


+---------------------------------------------------------------------------+
; Slow 1200mV 85C Model Hold Summary                                        ;
+--------------------------------------------------+--------+---------------+
; Clock                                            ; Slack  ; End Point TNS ;
+--------------------------------------------------+--------+---------------+
; inst|altpll_component|auto_generated|pll1|clk[0] ; -0.576 ; -0.576        ;
; inst|altpll_component|auto_generated|pll1|clk[1] ; 0.378  ; 0.000         ;
; debounce:inst14|clean_key                        ; 0.379  ; 0.000         ;
; SPKER:inst5|SPKS                                 ; 0.412  ; 0.000         ;
; FDIV:inst9|FULL                                  ; 0.498  ; 0.000         ;
+--------------------------------------------------+--------+---------------+


+-------------------------------------------------------------------------------+
; Slow 1200mV 85C Model Recovery Summary                                        ;
+--------------------------------------------------+------------+---------------+
; Clock                                            ; Slack      ; End Point TNS ;
+--------------------------------------------------+------------+---------------+
; FDIV:inst9|FULL                                  ; -2.695     ; -21.560       ;
; inst|altpll_component|auto_generated|pll1|clk[1] ; 499994.950 ; 0.000         ;
+--------------------------------------------------+------------+---------------+


+--------------------------------------------------------------------------+
; Slow 1200mV 85C Model Removal Summary                                    ;
+--------------------------------------------------+-------+---------------+
; Clock                                            ; Slack ; End Point TNS ;
+--------------------------------------------------+-------+---------------+
; FDIV:inst9|FULL                                  ; 0.868 ; 0.000         ;
; inst|altpll_component|auto_generated|pll1|clk[1] ; 1.748 ; 0.000         ;
+--------------------------------------------------+-------+---------------+


+-------------------------------------------------------------------------------+
; Slow 1200mV 85C Model Minimum Pulse Width Summary                             ;
+--------------------------------------------------+------------+---------------+
; Clock                                            ; Slack      ; End Point TNS ;
+--------------------------------------------------+------------+---------------+
; FDIV:inst9|FULL                                  ; -1.487     ; -11.896       ;
; debounce:inst14|clean_key                        ; -1.487     ; -2.974        ;
; SPKER:inst5|SPKS                                 ; -1.487     ; -1.487        ;
; CLK                                              ; 41.595     ; 0.000         ;
; inst|altpll_component|auto_generated|pll1|clk[0] ; 499.708    ; 0.000         ;
; inst|altpll_component|auto_generated|pll1|clk[1] ; 249998.730 ; 0.000         ;
+--------------------------------------------------+------------+---------------+


-----------------------------------------------
; Slow 1200mV 85C Model Metastability Summary ;
-----------------------------------------------
The design MTBF is not calculated because there are no specified synchronizers in the design.
Number of Synchronizer Chains Found: 1
Shortest Synchronizer Chain: 2 Registers
Fraction of Chains for which MTBFs Could Not be Calculated: 1.000
Worst Case Available Settling Time: 0.261 ns




+----------------------------------------------------------------------------------------------------------------------------------+
; Slow 1200mV 0C Model Fmax Summary                                                                                                ;
+------------+-----------------+--------------------------------------------------+------------------------------------------------+
; Fmax       ; Restricted Fmax ; Clock Name                                       ; Note                                           ;
+------------+-----------------+--------------------------------------------------+------------------------------------------------+
; 158.83 MHz ; 158.83 MHz      ; inst|altpll_component|auto_generated|pll1|clk[0] ;                                                ;
; 428.27 MHz ; 402.09 MHz      ; FDIV:inst9|FULL                                  ; limit due to minimum period restriction (tmin) ;
; 442.48 MHz ; 402.09 MHz      ; inst|altpll_component|auto_generated|pll1|clk[1] ; limit due to minimum period restriction (tmin) ;
; 624.22 MHz ; 402.09 MHz      ; debounce:inst14|clean_key                        ; limit due to minimum period restriction (tmin) ;
; 1501.5 MHz ; 402.09 MHz      ; SPKER:inst5|SPKS                                 ; limit due to minimum period restriction (tmin) ;
+------------+-----------------+--------------------------------------------------+------------------------------------------------+
This panel reports FMAX for every clock in the design, regardless of the user-specified clock periods.  FMAX is only computed for paths where the source and destination registers or ports are driven by the same clock.  Paths of different clocks, including generated clocks, are ignored.  For paths between a clock and its inversion, FMAX is computed as if the rising and falling edges are scaled along with FMAX, such that the duty cycle (in terms of a percentage) is maintained. Altera recommends that you always use clock constraints and other slack reports for sign-off analysis.


+-------------------------------------------------------------------------------+
; Slow 1200mV 0C Model Setup Summary                                            ;
+--------------------------------------------------+------------+---------------+
; Clock                                            ; Slack      ; End Point TNS ;
+--------------------------------------------------+------------+---------------+
; inst|altpll_component|auto_generated|pll1|clk[0] ; -8.488     ; -90.538       ;
; FDIV:inst9|FULL                                  ; -1.335     ; -8.274        ;
; debounce:inst14|clean_key                        ; -0.602     ; -0.602        ;
; SPKER:inst5|SPKS                                 ; 0.334      ; 0.000         ;
; inst|altpll_component|auto_generated|pll1|clk[1] ; 499995.740 ; 0.000         ;
+--------------------------------------------------+------------+---------------+


+---------------------------------------------------------------------------+
; Slow 1200mV 0C Model Hold Summary                                         ;
+--------------------------------------------------+--------+---------------+
; Clock                                            ; Slack  ; End Point TNS ;
+--------------------------------------------------+--------+---------------+
; inst|altpll_component|auto_generated|pll1|clk[0] ; -0.594 ; -0.594        ;
; inst|altpll_component|auto_generated|pll1|clk[1] ; 0.338  ; 0.000         ;
; debounce:inst14|clean_key                        ; 0.339  ; 0.000         ;
; SPKER:inst5|SPKS                                 ; 0.368  ; 0.000         ;
; FDIV:inst9|FULL                                  ; 0.467  ; 0.000         ;
+--------------------------------------------------+--------+---------------+


+-------------------------------------------------------------------------------+
; Slow 1200mV 0C Model Recovery Summary                                         ;
+--------------------------------------------------+------------+---------------+
; Clock                                            ; Slack      ; End Point TNS ;
+--------------------------------------------------+------------+---------------+
; FDIV:inst9|FULL                                  ; -2.519     ; -20.152       ;
; inst|altpll_component|auto_generated|pll1|clk[1] ; 499995.224 ; 0.000         ;
+--------------------------------------------------+------------+---------------+


+--------------------------------------------------------------------------+
; Slow 1200mV 0C Model Removal Summary                                     ;
+--------------------------------------------------+-------+---------------+
; Clock                                            ; Slack ; End Point TNS ;
+--------------------------------------------------+-------+---------------+
; FDIV:inst9|FULL                                  ; 0.845 ; 0.000         ;
; inst|altpll_component|auto_generated|pll1|clk[1] ; 1.607 ; 0.000         ;
+--------------------------------------------------+-------+---------------+


+-------------------------------------------------------------------------------+
; Slow 1200mV 0C Model Minimum Pulse Width Summary                              ;
+--------------------------------------------------+------------+---------------+
; Clock                                            ; Slack      ; End Point TNS ;
+--------------------------------------------------+------------+---------------+
; FDIV:inst9|FULL                                  ; -1.487     ; -11.896       ;
; debounce:inst14|clean_key                        ; -1.487     ; -2.974        ;
; SPKER:inst5|SPKS                                 ; -1.487     ; -1.487        ;
; CLK                                              ; 41.604     ; 0.000         ;
; inst|altpll_component|auto_generated|pll1|clk[0] ; 499.692    ; 0.000         ;
; inst|altpll_component|auto_generated|pll1|clk[1] ; 249998.736 ; 0.000         ;
+--------------------------------------------------+------------+---------------+


----------------------------------------------
; Slow 1200mV 0C Model Metastability Summary ;
----------------------------------------------
The design MTBF is not calculated because there are no specified synchronizers in the design.
Number of Synchronizer Chains Found: 1
Shortest Synchronizer Chain: 2 Registers
Fraction of Chains for which MTBFs Could Not be Calculated: 1.000
Worst Case Available Settling Time: 0.334 ns




+-------------------------------------------------------------------------------+
; Fast 1200mV 0C Model Setup Summary                                            ;
+--------------------------------------------------+------------+---------------+
; Clock                                            ; Slack      ; End Point TNS ;
+--------------------------------------------------+------------+---------------+
; inst|altpll_component|auto_generated|pll1|clk[0] ; -3.283     ; -35.078       ;
; FDIV:inst9|FULL                                  ; -0.014     ; -0.014        ;
; debounce:inst14|clean_key                        ; 0.269      ; 0.000         ;
; SPKER:inst5|SPKS                                 ; 0.694      ; 0.000         ;
; inst|altpll_component|auto_generated|pll1|clk[1] ; 499997.043 ; 0.000         ;
+--------------------------------------------------+------------+---------------+


+---------------------------------------------------------------------------+
; Fast 1200mV 0C Model Hold Summary                                         ;
+--------------------------------------------------+--------+---------------+
; Clock                                            ; Slack  ; End Point TNS ;
+--------------------------------------------------+--------+---------------+
; inst|altpll_component|auto_generated|pll1|clk[0] ; -0.309 ; -0.309        ;
; debounce:inst14|clean_key                        ; 0.155  ; 0.000         ;
; inst|altpll_component|auto_generated|pll1|clk[1] ; 0.155  ; 0.000         ;
; SPKER:inst5|SPKS                                 ; 0.170  ; 0.000         ;
; FDIV:inst9|FULL                                  ; 0.179  ; 0.000         ;
+--------------------------------------------------+--------+---------------+


+-------------------------------------------------------------------------------+
; Fast 1200mV 0C Model Recovery Summary                                         ;
+--------------------------------------------------+------------+---------------+
; Clock                                            ; Slack      ; End Point TNS ;
+--------------------------------------------------+------------+---------------+
; FDIV:inst9|FULL                                  ; -0.560     ; -4.480        ;
; inst|altpll_component|auto_generated|pll1|clk[1] ; 499996.725 ; 0.000         ;
+--------------------------------------------------+------------+---------------+


+--------------------------------------------------------------------------+
; Fast 1200mV 0C Model Removal Summary                                     ;
+--------------------------------------------------+-------+---------------+
; Clock                                            ; Slack ; End Point TNS ;
+--------------------------------------------------+-------+---------------+
; FDIV:inst9|FULL                                  ; 0.194 ; 0.000         ;
; inst|altpll_component|auto_generated|pll1|clk[1] ; 0.702 ; 0.000         ;
+--------------------------------------------------+-------+---------------+


+-------------------------------------------------------------------------------+
; Fast 1200mV 0C Model Minimum Pulse Width Summary                              ;
+--------------------------------------------------+------------+---------------+
; Clock                                            ; Slack      ; End Point TNS ;
+--------------------------------------------------+------------+---------------+
; FDIV:inst9|FULL                                  ; -1.000     ; -8.000        ;
; debounce:inst14|clean_key                        ; -1.000     ; -2.000        ;
; SPKER:inst5|SPKS                                 ; -1.000     ; -1.000        ;
; CLK                                              ; 41.318     ; 0.000         ;
; inst|altpll_component|auto_generated|pll1|clk[0] ; 499.757    ; 0.000         ;
; inst|altpll_component|auto_generated|pll1|clk[1] ; 249998.784 ; 0.000         ;
+--------------------------------------------------+------------+---------------+


----------------------------------------------
; Fast 1200mV 0C Model Metastability Summary ;
----------------------------------------------
The design MTBF is not calculated because there are no specified synchronizers in the design.
Number of Synchronizer Chains Found: 1
Shortest Synchronizer Chain: 2 Registers
Fraction of Chains for which MTBFs Could Not be Calculated: 1.000
Worst Case Available Settling Time: 0.694 ns




+----------------------------------------------------------------------------------------------------------------------+
; Multicorner Timing Analysis Summary                                                                                  ;
+---------------------------------------------------+------------+--------+------------+---------+---------------------+
; Clock                                             ; Setup      ; Hold   ; Recovery   ; Removal ; Minimum Pulse Width ;
+---------------------------------------------------+------------+--------+------------+---------+---------------------+
; Worst-case Slack                                  ; -9.188     ; -0.594 ; -2.695     ; 0.194   ; -1.487              ;
;  CLK                                              ; N/A        ; N/A    ; N/A        ; N/A     ; 41.318              ;
;  FDIV:inst9|FULL                                  ; -1.590     ; 0.179  ; -2.695     ; 0.194   ; -1.487              ;
;  SPKER:inst5|SPKS                                 ; 0.261      ; 0.170  ; N/A        ; N/A     ; -1.487              ;
;  debounce:inst14|clean_key                        ; -0.685     ; 0.155  ; N/A        ; N/A     ; -1.487              ;
;  inst|altpll_component|auto_generated|pll1|clk[0] ; -9.188     ; -0.594 ; N/A        ; N/A     ; 499.692             ;
;  inst|altpll_component|auto_generated|pll1|clk[1] ; 499995.499 ; 0.155  ; 499994.950 ; 0.702   ; 249998.730          ;
; Design-wide TNS                                   ; -108.858   ; -0.594 ; -21.56     ; 0.0     ; -16.357             ;
;  CLK                                              ; N/A        ; N/A    ; N/A        ; N/A     ; 0.000               ;
;  FDIV:inst9|FULL                                  ; -9.979     ; 0.000  ; -21.560    ; 0.000   ; -11.896             ;
;  SPKER:inst5|SPKS                                 ; 0.000      ; 0.000  ; N/A        ; N/A     ; -1.487              ;
;  debounce:inst14|clean_key                        ; -0.685     ; 0.000  ; N/A        ; N/A     ; -2.974              ;
;  inst|altpll_component|auto_generated|pll1|clk[0] ; -98.194    ; -0.594 ; N/A        ; N/A     ; 0.000               ;
;  inst|altpll_component|auto_generated|pll1|clk[1] ; 0.000      ; 0.000  ; 0.000      ; 0.000   ; 0.000               ;
+---------------------------------------------------+------------+--------+------------+---------+---------------------+


+-----------------------------------------------------------------------------------------------------------------------------------------------------------------------------------------------------------------------------------------------------------------------------------------------------------------------------------------------------------------------------------------------------------------+
; Board Trace Model Assignments                                                                                                                                                                                                                                                                                                                                                                                   ;
+--------------+--------------+-------------------+-------------------------+-------------------------+---------------+---------------------+----------------+------------------+--------+------------------+------------------------+------------------------+--------------+---------------+-----------------+-------+---------------------+--------------------+---------------+-----------------+-------------+
; Pin          ; I/O Standard ; Near Tline Length ; Near Tline L per Length ; Near Tline C per Length ; Near Series R ; Near Differential R ; Near Pull-up R ; Near Pull-down R ; Near C ; Far Tline Length ; Far Tline L per Length ; Far Tline C per Length ; Far Series R ; Far Pull-up R ; Far Pull-down R ; Far C ; Termination Voltage ; Far Differential R ; EBD File Name ; EBD Signal Name ; EBD Far-end ;
+--------------+--------------+-------------------+-------------------------+-------------------------+---------------+---------------------+----------------+------------------+--------+------------------+------------------------+------------------------+--------------+---------------+-----------------+-------+---------------------+--------------------+---------------+-----------------+-------------+
; pin_beep     ; 2.5 V        ; 0 in              ; 0 H/in                  ; 0 F/in                  ; short         ; -                   ; open           ; open             ; open   ; 0 in             ; 0 H/in                 ; 0 F/in                 ; short        ; open          ; open            ; open  ; 0 V                 ; -                  ; n/a           ; n/a             ; n/a         ;
; row[3]       ; 2.5 V        ; 0 in              ; 0 H/in                  ; 0 F/in                  ; short         ; -                   ; open           ; open             ; open   ; 0 in             ; 0 H/in                 ; 0 F/in                 ; short        ; open          ; open            ; open  ; 0 V                 ; -                  ; n/a           ; n/a             ; n/a         ;
; row[2]       ; 2.5 V        ; 0 in              ; 0 H/in                  ; 0 F/in                  ; short         ; -                   ; open           ; open             ; open   ; 0 in             ; 0 H/in                 ; 0 F/in                 ; short        ; open          ; open            ; open  ; 0 V                 ; -                  ; n/a           ; n/a             ; n/a         ;
; row[1]       ; 2.5 V        ; 0 in              ; 0 H/in                  ; 0 F/in                  ; short         ; -                   ; open           ; open             ; open   ; 0 in             ; 0 H/in                 ; 0 F/in                 ; short        ; open          ; open            ; open  ; 0 V                 ; -                  ; n/a           ; n/a             ; n/a         ;
; row[0]       ; 2.5 V        ; 0 in              ; 0 H/in                  ; 0 F/in                  ; short         ; -                   ; open           ; open             ; open   ; 0 in             ; 0 H/in                 ; 0 F/in                 ; short        ; open          ; open            ; open  ; 0 V                 ; -                  ; n/a           ; n/a             ; n/a         ;
; ~ALTERA_TDO~ ; 2.5 V        ; 0 in              ; 0 H/in                  ; 0 F/in                  ; short         ; -                   ; open           ; open             ; open   ; 0 in             ; 0 H/in                 ; 0 F/in                 ; short        ; open          ; open            ; open  ; 0 V                 ; -                  ; n/a           ; n/a             ; n/a         ;
+--------------+--------------+-------------------+-------------------------+-------------------------+---------------+---------------------+----------------+------------------+--------+------------------+------------------------+------------------------+--------------+---------------+-----------------+-------+---------------------+--------------------+---------------+-----------------+-------------+


+---------------------------------------------------------------------------------+
; Input Transition Times                                                          ;
+---------------------+-----------------------+-----------------+-----------------+
; Pin                 ; I/O Standard          ; 10-90 Rise Time ; 90-10 Fall Time ;
+---------------------+-----------------------+-----------------+-----------------+
; CLK                 ; 2.5 V                 ; 2000 ps         ; 2000 ps         ;
; select              ; 2.5 V                 ; 2000 ps         ; 2000 ps         ;
; col[1]              ; 2.5 V                 ; 2000 ps         ; 2000 ps         ;
; col[3]              ; 2.5 V                 ; 2000 ps         ; 2000 ps         ;
; col[2]              ; 2.5 V                 ; 2000 ps         ; 2000 ps         ;
; col[0]              ; 2.5 V                 ; 2000 ps         ; 2000 ps         ;
; key                 ; 2.5 V                 ; 2000 ps         ; 2000 ps         ;
; ~ALTERA_TMS~        ; 2.5 V Schmitt Trigger ; 2000 ps         ; 2000 ps         ;
; ~ALTERA_TCK~        ; 2.5 V Schmitt Trigger ; 2000 ps         ; 2000 ps         ;
; ~ALTERA_TDI~        ; 2.5 V Schmitt Trigger ; 2000 ps         ; 2000 ps         ;
; ~ALTERA_CONFIG_SEL~ ; 2.5 V                 ; 2000 ps         ; 2000 ps         ;
; ~ALTERA_nCONFIG~    ; 2.5 V Schmitt Trigger ; 2000 ps         ; 2000 ps         ;
; ~ALTERA_nSTATUS~    ; 2.5 V Schmitt Trigger ; 2000 ps         ; 2000 ps         ;
; ~ALTERA_CONF_DONE~  ; 2.5 V Schmitt Trigger ; 2000 ps         ; 2000 ps         ;
+---------------------+-----------------------+-----------------+-----------------+


+-------------------------------------------------------------------------------------------------------------------------------------------------------------------------------------------------------------------------------------------------------------------------------------------------------------------------------------------------------------------------------------------------------------------------------------------------------------------------------------------------------------------------------------------------------------------------------------------------------------------------------------------------------------------------------------------+
; Signal Integrity Metrics (Slow 1200mv 0c Model)                                                                                                                                                                                                                                                                                                                                                                                                                                                                                                                                                                                                                                           ;
+--------------+--------------+---------------------+---------------------+------------------------------+------------------------------+---------------------+---------------------+--------------------------------------+--------------------------------------+-----------------------------+-----------------------------+----------------------------+----------------------------+-----------------------------+-----------------------------+--------------------+--------------------+-------------------------------------+-------------------------------------+----------------------------+----------------------------+---------------------------+---------------------------+
; Pin          ; I/O Standard ; Board Delay on Rise ; Board Delay on Fall ; Steady State Voh at FPGA Pin ; Steady State Vol at FPGA Pin ; Voh Max at FPGA Pin ; Vol Min at FPGA Pin ; Ringback Voltage on Rise at FPGA Pin ; Ringback Voltage on Fall at FPGA Pin ; 10-90 Rise Time at FPGA Pin ; 90-10 Fall Time at FPGA Pin ; Monotonic Rise at FPGA Pin ; Monotonic Fall at FPGA Pin ; Steady State Voh at Far-end ; Steady State Vol at Far-end ; Voh Max at Far-end ; Vol Min at Far-end ; Ringback Voltage on Rise at Far-end ; Ringback Voltage on Fall at Far-end ; 10-90 Rise Time at Far-end ; 90-10 Fall Time at Far-end ; Monotonic Rise at Far-end ; Monotonic Fall at Far-end ;
+--------------+--------------+---------------------+---------------------+------------------------------+------------------------------+---------------------+---------------------+--------------------------------------+--------------------------------------+-----------------------------+-----------------------------+----------------------------+----------------------------+-----------------------------+-----------------------------+--------------------+--------------------+-------------------------------------+-------------------------------------+----------------------------+----------------------------+---------------------------+---------------------------+
; pin_beep     ; 2.5 V        ; 0 s                 ; 0 s                 ; 2.32 V                       ; 4.47e-09 V                   ; 2.4 V               ; -0.0932 V           ; 0.135 V                              ; 0.16 V                               ; 4.43e-10 s                  ; 4.36e-10 s                  ; No                         ; Yes                        ; 2.32 V                      ; 4.47e-09 V                  ; 2.4 V              ; -0.0932 V          ; 0.135 V                             ; 0.16 V                              ; 4.43e-10 s                 ; 4.36e-10 s                 ; No                        ; Yes                       ;
; row[3]       ; 2.5 V        ; 0 s                 ; 0 s                 ; 2.32 V                       ; 4.47e-09 V                   ; 2.4 V               ; -0.0932 V           ; 0.135 V                              ; 0.16 V                               ; 4.43e-10 s                  ; 4.36e-10 s                  ; No                         ; Yes                        ; 2.32 V                      ; 4.47e-09 V                  ; 2.4 V              ; -0.0932 V          ; 0.135 V                             ; 0.16 V                              ; 4.43e-10 s                 ; 4.36e-10 s                 ; No                        ; Yes                       ;
; row[2]       ; 2.5 V        ; 0 s                 ; 0 s                 ; 2.32 V                       ; 4.47e-09 V                   ; 2.39 V              ; -0.0854 V           ; 0.162 V                              ; 0.204 V                              ; 4.62e-10 s                  ; 4.54e-10 s                  ; No                         ; Yes                        ; 2.32 V                      ; 4.47e-09 V                  ; 2.39 V             ; -0.0854 V          ; 0.162 V                             ; 0.204 V                             ; 4.62e-10 s                 ; 4.54e-10 s                 ; No                        ; Yes                       ;
; row[1]       ; 2.5 V        ; 0 s                 ; 0 s                 ; 2.32 V                       ; 4.47e-09 V                   ; 2.4 V               ; -0.0905 V           ; 0.135 V                              ; 0.167 V                              ; 4.43e-10 s                  ; 4.36e-10 s                  ; No                         ; Yes                        ; 2.32 V                      ; 4.47e-09 V                  ; 2.4 V              ; -0.0905 V          ; 0.135 V                             ; 0.167 V                             ; 4.43e-10 s                 ; 4.36e-10 s                 ; No                        ; Yes                       ;
; row[0]       ; 2.5 V        ; 0 s                 ; 0 s                 ; 2.32 V                       ; 4.47e-09 V                   ; 2.4 V               ; -0.0932 V           ; 0.135 V                              ; 0.16 V                               ; 4.43e-10 s                  ; 4.36e-10 s                  ; No                         ; Yes                        ; 2.32 V                      ; 4.47e-09 V                  ; 2.4 V              ; -0.0932 V          ; 0.135 V                             ; 0.16 V                              ; 4.43e-10 s                 ; 4.36e-10 s                 ; No                        ; Yes                       ;
; ~ALTERA_TDO~ ; 2.5 V        ; 0 s                 ; 0 s                 ; 2.32 V                       ; 7.49e-09 V                   ; 2.38 V              ; -0.0505 V           ; 0.23 V                               ; 0.155 V                              ; 4.84e-10 s                  ; 6.18e-10 s                  ; Yes                        ; No                         ; 2.32 V                      ; 7.49e-09 V                  ; 2.38 V             ; -0.0505 V          ; 0.23 V                              ; 0.155 V                             ; 4.84e-10 s                 ; 6.18e-10 s                 ; Yes                       ; No                        ;
+--------------+--------------+---------------------+---------------------+------------------------------+------------------------------+---------------------+---------------------+--------------------------------------+--------------------------------------+-----------------------------+-----------------------------+----------------------------+----------------------------+-----------------------------+-----------------------------+--------------------+--------------------+-------------------------------------+-------------------------------------+----------------------------+----------------------------+---------------------------+---------------------------+


+-------------------------------------------------------------------------------------------------------------------------------------------------------------------------------------------------------------------------------------------------------------------------------------------------------------------------------------------------------------------------------------------------------------------------------------------------------------------------------------------------------------------------------------------------------------------------------------------------------------------------------------------------------------------------------------------+
; Signal Integrity Metrics (Slow 1200mv 85c Model)                                                                                                                                                                                                                                                                                                                                                                                                                                                                                                                                                                                                                                          ;
+--------------+--------------+---------------------+---------------------+------------------------------+------------------------------+---------------------+---------------------+--------------------------------------+--------------------------------------+-----------------------------+-----------------------------+----------------------------+----------------------------+-----------------------------+-----------------------------+--------------------+--------------------+-------------------------------------+-------------------------------------+----------------------------+----------------------------+---------------------------+---------------------------+
; Pin          ; I/O Standard ; Board Delay on Rise ; Board Delay on Fall ; Steady State Voh at FPGA Pin ; Steady State Vol at FPGA Pin ; Voh Max at FPGA Pin ; Vol Min at FPGA Pin ; Ringback Voltage on Rise at FPGA Pin ; Ringback Voltage on Fall at FPGA Pin ; 10-90 Rise Time at FPGA Pin ; 90-10 Fall Time at FPGA Pin ; Monotonic Rise at FPGA Pin ; Monotonic Fall at FPGA Pin ; Steady State Voh at Far-end ; Steady State Vol at Far-end ; Voh Max at Far-end ; Vol Min at Far-end ; Ringback Voltage on Rise at Far-end ; Ringback Voltage on Fall at Far-end ; 10-90 Rise Time at Far-end ; 90-10 Fall Time at Far-end ; Monotonic Rise at Far-end ; Monotonic Fall at Far-end ;
+--------------+--------------+---------------------+---------------------+------------------------------+------------------------------+---------------------+---------------------+--------------------------------------+--------------------------------------+-----------------------------+-----------------------------+----------------------------+----------------------------+-----------------------------+-----------------------------+--------------------+--------------------+-------------------------------------+-------------------------------------+----------------------------+----------------------------+---------------------------+---------------------------+
; pin_beep     ; 2.5 V        ; 0 s                 ; 0 s                 ; 2.32 V                       ; 4.66e-07 V                   ; 2.37 V              ; -0.0521 V           ; 0.17 V                               ; 0.231 V                              ; 4.74e-10 s                  ; 4.79e-10 s                  ; Yes                        ; Yes                        ; 2.32 V                      ; 4.66e-07 V                  ; 2.37 V             ; -0.0521 V          ; 0.17 V                              ; 0.231 V                             ; 4.74e-10 s                 ; 4.79e-10 s                 ; Yes                       ; Yes                       ;
; row[3]       ; 2.5 V        ; 0 s                 ; 0 s                 ; 2.32 V                       ; 4.66e-07 V                   ; 2.37 V              ; -0.0521 V           ; 0.17 V                               ; 0.231 V                              ; 4.74e-10 s                  ; 4.79e-10 s                  ; Yes                        ; Yes                        ; 2.32 V                      ; 4.66e-07 V                  ; 2.37 V             ; -0.0521 V          ; 0.17 V                              ; 0.231 V                             ; 4.74e-10 s                 ; 4.79e-10 s                 ; Yes                       ; Yes                       ;
; row[2]       ; 2.5 V        ; 0 s                 ; 0 s                 ; 2.32 V                       ; 4.66e-07 V                   ; 2.36 V              ; -0.0486 V           ; 0.228 V                              ; 0.114 V                              ; 5.12e-10 s                  ; 6.11e-10 s                  ; Yes                        ; No                         ; 2.32 V                      ; 4.66e-07 V                  ; 2.36 V             ; -0.0486 V          ; 0.228 V                             ; 0.114 V                             ; 5.12e-10 s                 ; 6.11e-10 s                 ; Yes                       ; No                        ;
; row[1]       ; 2.5 V        ; 0 s                 ; 0 s                 ; 2.32 V                       ; 4.66e-07 V                   ; 2.37 V              ; -0.0526 V           ; 0.169 V                              ; 0.23 V                               ; 4.75e-10 s                  ; 4.8e-10 s                   ; Yes                        ; Yes                        ; 2.32 V                      ; 4.66e-07 V                  ; 2.37 V             ; -0.0526 V          ; 0.169 V                             ; 0.23 V                              ; 4.75e-10 s                 ; 4.8e-10 s                  ; Yes                       ; Yes                       ;
; row[0]       ; 2.5 V        ; 0 s                 ; 0 s                 ; 2.32 V                       ; 4.66e-07 V                   ; 2.37 V              ; -0.0521 V           ; 0.17 V                               ; 0.231 V                              ; 4.74e-10 s                  ; 4.79e-10 s                  ; Yes                        ; Yes                        ; 2.32 V                      ; 4.66e-07 V                  ; 2.37 V             ; -0.0521 V          ; 0.17 V                              ; 0.231 V                             ; 4.74e-10 s                 ; 4.79e-10 s                 ; Yes                       ; Yes                       ;
; ~ALTERA_TDO~ ; 2.5 V        ; 0 s                 ; 0 s                 ; 2.32 V                       ; 7.88e-07 V                   ; 2.36 V              ; -0.0211 V           ; 0.162 V                              ; 0.122 V                              ; 6.58e-10 s                  ; 7.79e-10 s                  ; No                         ; Yes                        ; 2.32 V                      ; 7.88e-07 V                  ; 2.36 V             ; -0.0211 V          ; 0.162 V                             ; 0.122 V                             ; 6.58e-10 s                 ; 7.79e-10 s                 ; No                        ; Yes                       ;
+--------------+--------------+---------------------+---------------------+------------------------------+------------------------------+---------------------+---------------------+--------------------------------------+--------------------------------------+-----------------------------+-----------------------------+----------------------------+----------------------------+-----------------------------+-----------------------------+--------------------+--------------------+-------------------------------------+-------------------------------------+----------------------------+----------------------------+---------------------------+---------------------------+


+-------------------------------------------------------------------------------------------------------------------------------------------------------------------------------------------------------------------------------------------------------------------------------------------------------------------------------------------------------------------------------------------------------------------------------------------------------------------------------------------------------------------------------------------------------------------------------------------------------------------------------------------------------------------------------------------+
; Signal Integrity Metrics (Fast 1200mv 0c Model)                                                                                                                                                                                                                                                                                                                                                                                                                                                                                                                                                                                                                                           ;
+--------------+--------------+---------------------+---------------------+------------------------------+------------------------------+---------------------+---------------------+--------------------------------------+--------------------------------------+-----------------------------+-----------------------------+----------------------------+----------------------------+-----------------------------+-----------------------------+--------------------+--------------------+-------------------------------------+-------------------------------------+----------------------------+----------------------------+---------------------------+---------------------------+
; Pin          ; I/O Standard ; Board Delay on Rise ; Board Delay on Fall ; Steady State Voh at FPGA Pin ; Steady State Vol at FPGA Pin ; Voh Max at FPGA Pin ; Vol Min at FPGA Pin ; Ringback Voltage on Rise at FPGA Pin ; Ringback Voltage on Fall at FPGA Pin ; 10-90 Rise Time at FPGA Pin ; 90-10 Fall Time at FPGA Pin ; Monotonic Rise at FPGA Pin ; Monotonic Fall at FPGA Pin ; Steady State Voh at Far-end ; Steady State Vol at Far-end ; Voh Max at Far-end ; Vol Min at Far-end ; Ringback Voltage on Rise at Far-end ; Ringback Voltage on Fall at Far-end ; 10-90 Rise Time at Far-end ; 90-10 Fall Time at Far-end ; Monotonic Rise at Far-end ; Monotonic Fall at Far-end ;
+--------------+--------------+---------------------+---------------------+------------------------------+------------------------------+---------------------+---------------------+--------------------------------------+--------------------------------------+-----------------------------+-----------------------------+----------------------------+----------------------------+-----------------------------+-----------------------------+--------------------+--------------------+-------------------------------------+-------------------------------------+----------------------------+----------------------------+---------------------------+---------------------------+
; pin_beep     ; 2.5 V        ; 0 s                 ; 0 s                 ; 2.62 V                       ; 9.95e-08 V                   ; 2.78 V              ; -0.0452 V           ; 0.248 V                              ; 0.108 V                              ; 2.67e-10 s                  ; 2.75e-10 s                  ; No                         ; Yes                        ; 2.62 V                      ; 9.95e-08 V                  ; 2.78 V             ; -0.0452 V          ; 0.248 V                             ; 0.108 V                             ; 2.67e-10 s                 ; 2.75e-10 s                 ; No                        ; Yes                       ;
; row[3]       ; 2.5 V        ; 0 s                 ; 0 s                 ; 2.62 V                       ; 9.95e-08 V                   ; 2.78 V              ; -0.0452 V           ; 0.248 V                              ; 0.108 V                              ; 2.67e-10 s                  ; 2.75e-10 s                  ; No                         ; Yes                        ; 2.62 V                      ; 9.95e-08 V                  ; 2.78 V             ; -0.0452 V          ; 0.248 V                             ; 0.108 V                             ; 2.67e-10 s                 ; 2.75e-10 s                 ; No                        ; Yes                       ;
; row[2]       ; 2.5 V        ; 0 s                 ; 0 s                 ; 2.62 V                       ; 9.95e-08 V                   ; 2.77 V              ; -0.0486 V           ; 0.285 V                              ; 0.06 V                               ; 2.8e-10 s                   ; 3.04e-10 s                  ; No                         ; Yes                        ; 2.62 V                      ; 9.95e-08 V                  ; 2.77 V             ; -0.0486 V          ; 0.285 V                             ; 0.06 V                              ; 2.8e-10 s                  ; 3.04e-10 s                 ; No                        ; Yes                       ;
; row[1]       ; 2.5 V        ; 0 s                 ; 0 s                 ; 2.62 V                       ; 9.94e-08 V                   ; 2.78 V              ; -0.0444 V           ; 0.25 V                               ; 0.107 V                              ; 2.67e-10 s                  ; 2.75e-10 s                  ; No                         ; Yes                        ; 2.62 V                      ; 9.94e-08 V                  ; 2.78 V             ; -0.0444 V          ; 0.25 V                              ; 0.107 V                             ; 2.67e-10 s                 ; 2.75e-10 s                 ; No                        ; Yes                       ;
; row[0]       ; 2.5 V        ; 0 s                 ; 0 s                 ; 2.62 V                       ; 9.95e-08 V                   ; 2.78 V              ; -0.0452 V           ; 0.248 V                              ; 0.108 V                              ; 2.67e-10 s                  ; 2.75e-10 s                  ; No                         ; Yes                        ; 2.62 V                      ; 9.95e-08 V                  ; 2.78 V             ; -0.0452 V          ; 0.248 V                             ; 0.108 V                             ; 2.67e-10 s                 ; 2.75e-10 s                 ; No                        ; Yes                       ;
; ~ALTERA_TDO~ ; 2.5 V        ; 0 s                 ; 0 s                 ; 2.62 V                       ; 1.68e-07 V                   ; 2.73 V              ; -0.0395 V           ; 0.361 V                              ; 0.109 V                              ; 3.1e-10 s                   ; 4.41e-10 s                  ; No                         ; Yes                        ; 2.62 V                      ; 1.68e-07 V                  ; 2.73 V             ; -0.0395 V          ; 0.361 V                             ; 0.109 V                             ; 3.1e-10 s                  ; 4.41e-10 s                 ; No                        ; Yes                       ;
+--------------+--------------+---------------------+---------------------+------------------------------+------------------------------+---------------------+---------------------+--------------------------------------+--------------------------------------+-----------------------------+-----------------------------+----------------------------+----------------------------+-----------------------------+-----------------------------+--------------------+--------------------+-------------------------------------+-------------------------------------+----------------------------+----------------------------+---------------------------+---------------------------+


+-------------------------------------------------------------------------------------------------------------------------------------------------+
; Setup Transfers                                                                                                                                 ;
+--------------------------------------------------+--------------------------------------------------+----------+----------+----------+----------+
; From Clock                                       ; To Clock                                         ; RR Paths ; FR Paths ; RF Paths ; FF Paths ;
+--------------------------------------------------+--------------------------------------------------+----------+----------+----------+----------+
; debounce:inst14|clean_key                        ; debounce:inst14|clean_key                        ; 0        ; 0        ; 0        ; 3        ;
; FDIV:inst9|FULL                                  ; FDIV:inst9|FULL                                  ; 0        ; 0        ; 0        ; 36       ;
; debounce:inst14|clean_key                        ; inst|altpll_component|auto_generated|pll1|clk[0] ; 1        ; 1024     ; 0        ; 0        ;
; FDIV:inst9|FULL                                  ; inst|altpll_component|auto_generated|pll1|clk[0] ; 0        ; 5610     ; 0        ; 0        ;
; inst|altpll_component|auto_generated|pll1|clk[0] ; inst|altpll_component|auto_generated|pll1|clk[0] ; 573      ; 0        ; 0        ; 0        ;
; inst|altpll_component|auto_generated|pll1|clk[1] ; inst|altpll_component|auto_generated|pll1|clk[1] ; 66       ; 0        ; 0        ; 0        ;
; SPKER:inst5|SPKS                                 ; SPKER:inst5|SPKS                                 ; 1        ; 0        ; 0        ; 0        ;
+--------------------------------------------------+--------------------------------------------------+----------+----------+----------+----------+
Entries labeled "false path" only account for clock-to-clock false paths and not path-based false paths. As a result, actual path counts may be lower than reported.


+-------------------------------------------------------------------------------------------------------------------------------------------------+
; Hold Transfers                                                                                                                                  ;
+--------------------------------------------------+--------------------------------------------------+----------+----------+----------+----------+
; From Clock                                       ; To Clock                                         ; RR Paths ; FR Paths ; RF Paths ; FF Paths ;
+--------------------------------------------------+--------------------------------------------------+----------+----------+----------+----------+
; debounce:inst14|clean_key                        ; debounce:inst14|clean_key                        ; 0        ; 0        ; 0        ; 3        ;
; FDIV:inst9|FULL                                  ; FDIV:inst9|FULL                                  ; 0        ; 0        ; 0        ; 36       ;
; debounce:inst14|clean_key                        ; inst|altpll_component|auto_generated|pll1|clk[0] ; 1        ; 1024     ; 0        ; 0        ;
; FDIV:inst9|FULL                                  ; inst|altpll_component|auto_generated|pll1|clk[0] ; 0        ; 5610     ; 0        ; 0        ;
; inst|altpll_component|auto_generated|pll1|clk[0] ; inst|altpll_component|auto_generated|pll1|clk[0] ; 573      ; 0        ; 0        ; 0        ;
; inst|altpll_component|auto_generated|pll1|clk[1] ; inst|altpll_component|auto_generated|pll1|clk[1] ; 66       ; 0        ; 0        ; 0        ;
; SPKER:inst5|SPKS                                 ; SPKER:inst5|SPKS                                 ; 1        ; 0        ; 0        ; 0        ;
+--------------------------------------------------+--------------------------------------------------+----------+----------+----------+----------+
Entries labeled "false path" only account for clock-to-clock false paths and not path-based false paths. As a result, actual path counts may be lower than reported.


+-------------------------------------------------------------------------------------------------------------------------------------------------+
; Recovery Transfers                                                                                                                              ;
+--------------------------------------------------+--------------------------------------------------+----------+----------+----------+----------+
; From Clock                                       ; To Clock                                         ; RR Paths ; FR Paths ; RF Paths ; FF Paths ;
+--------------------------------------------------+--------------------------------------------------+----------+----------+----------+----------+
; debounce:inst14|clean_key                        ; FDIV:inst9|FULL                                  ; 0        ; 0        ; 8        ; 8        ;
; FDIV:inst9|FULL                                  ; FDIV:inst9|FULL                                  ; 0        ; 0        ; 0        ; 64       ;
; inst|altpll_component|auto_generated|pll1|clk[1] ; inst|altpll_component|auto_generated|pll1|clk[1] ; 132      ; 0        ; 0        ; 0        ;
+--------------------------------------------------+--------------------------------------------------+----------+----------+----------+----------+
Entries labeled "false path" only account for clock-to-clock false paths and not path-based false paths. As a result, actual path counts may be lower than reported.


+-------------------------------------------------------------------------------------------------------------------------------------------------+
; Removal Transfers                                                                                                                               ;
+--------------------------------------------------+--------------------------------------------------+----------+----------+----------+----------+
; From Clock                                       ; To Clock                                         ; RR Paths ; FR Paths ; RF Paths ; FF Paths ;
+--------------------------------------------------+--------------------------------------------------+----------+----------+----------+----------+
; debounce:inst14|clean_key                        ; FDIV:inst9|FULL                                  ; 0        ; 0        ; 8        ; 8        ;
; FDIV:inst9|FULL                                  ; FDIV:inst9|FULL                                  ; 0        ; 0        ; 0        ; 64       ;
; inst|altpll_component|auto_generated|pll1|clk[1] ; inst|altpll_component|auto_generated|pll1|clk[1] ; 132      ; 0        ; 0        ; 0        ;
+--------------------------------------------------+--------------------------------------------------+----------+----------+----------+----------+
Entries labeled "false path" only account for clock-to-clock false paths and not path-based false paths. As a result, actual path counts may be lower than reported.


---------------
; Report TCCS ;
---------------
No dedicated SERDES Transmitter circuitry present in device or used in design


---------------
; Report RSKM ;
---------------
No non-DPA dedicated SERDES Receiver circuitry present in device or used in design


+------------------------------------------------+
; Unconstrained Paths Summary                    ;
+---------------------------------+-------+------+
; Property                        ; Setup ; Hold ;
+---------------------------------+-------+------+
; Illegal Clocks                  ; 0     ; 0    ;
; Unconstrained Clocks            ; 0     ; 0    ;
; Unconstrained Input Ports       ; 6     ; 6    ;
; Unconstrained Input Port Paths  ; 41    ; 41   ;
; Unconstrained Output Ports      ; 5     ; 5    ;
; Unconstrained Output Port Paths ; 5     ; 5    ;
+---------------------------------+-------+------+


+-------------------------------------------------------------------------------------------------------------------------------+
; Clock Status Summary                                                                                                          ;
+--------------------------------------------------+--------------------------------------------------+-----------+-------------+
; Target                                           ; Clock                                            ; Type      ; Status      ;
+--------------------------------------------------+--------------------------------------------------+-----------+-------------+
; CLK                                              ; CLK                                              ; Base      ; Constrained ;
; FDIV:inst9|FULL                                  ; FDIV:inst9|FULL                                  ; Base      ; Constrained ;
; SPKER:inst5|SPKS                                 ; SPKER:inst5|SPKS                                 ; Base      ; Constrained ;
; debounce:inst14|clean_key                        ; debounce:inst14|clean_key                        ; Base      ; Constrained ;
; inst|altpll_component|auto_generated|pll1|clk[0] ; inst|altpll_component|auto_generated|pll1|clk[0] ; Generated ; Constrained ;
; inst|altpll_component|auto_generated|pll1|clk[1] ; inst|altpll_component|auto_generated|pll1|clk[1] ; Generated ; Constrained ;
+--------------------------------------------------+--------------------------------------------------+-----------+-------------+


+---------------------------------------------------------------------------------------------------+
; Unconstrained Input Ports                                                                         ;
+------------+--------------------------------------------------------------------------------------+
; Input Port ; Comment                                                                              ;
+------------+--------------------------------------------------------------------------------------+
; col[0]     ; No input delay, min/max delays, false-path exceptions, or max skew assignments found ;
; col[1]     ; No input delay, min/max delays, false-path exceptions, or max skew assignments found ;
; col[2]     ; No input delay, min/max delays, false-path exceptions, or max skew assignments found ;
; col[3]     ; No input delay, min/max delays, false-path exceptions, or max skew assignments found ;
; key        ; No input delay, min/max delays, false-path exceptions, or max skew assignments found ;
; select     ; No input delay, min/max delays, false-path exceptions, or max skew assignments found ;
+------------+--------------------------------------------------------------------------------------+


+-----------------------------------------------------------------------------------------------------+
; Unconstrained Output Ports                                                                          ;
+-------------+---------------------------------------------------------------------------------------+
; Output Port ; Comment                                                                               ;
+-------------+---------------------------------------------------------------------------------------+
; pin_beep    ; No output delay, min/max delays, false-path exceptions, or max skew assignments found ;
; row[0]      ; No output delay, min/max delays, false-path exceptions, or max skew assignments found ;
; row[1]      ; No output delay, min/max delays, false-path exceptions, or max skew assignments found ;
; row[2]      ; No output delay, min/max delays, false-path exceptions, or max skew assignments found ;
; row[3]      ; No output delay, min/max delays, false-path exceptions, or max skew assignments found ;
+-------------+---------------------------------------------------------------------------------------+


+---------------------------------------------------------------------------------------------------+
; Unconstrained Input Ports                                                                         ;
+------------+--------------------------------------------------------------------------------------+
; Input Port ; Comment                                                                              ;
+------------+--------------------------------------------------------------------------------------+
; col[0]     ; No input delay, min/max delays, false-path exceptions, or max skew assignments found ;
; col[1]     ; No input delay, min/max delays, false-path exceptions, or max skew assignments found ;
; col[2]     ; No input delay, min/max delays, false-path exceptions, or max skew assignments found ;
; col[3]     ; No input delay, min/max delays, false-path exceptions, or max skew assignments found ;
; key        ; No input delay, min/max delays, false-path exceptions, or max skew assignments found ;
; select     ; No input delay, min/max delays, false-path exceptions, or max skew assignments found ;
+------------+--------------------------------------------------------------------------------------+


+-----------------------------------------------------------------------------------------------------+
; Unconstrained Output Ports                                                                          ;
+-------------+---------------------------------------------------------------------------------------+
; Output Port ; Comment                                                                               ;
+-------------+---------------------------------------------------------------------------------------+
; pin_beep    ; No output delay, min/max delays, false-path exceptions, or max skew assignments found ;
; row[0]      ; No output delay, min/max delays, false-path exceptions, or max skew assignments found ;
; row[1]      ; No output delay, min/max delays, false-path exceptions, or max skew assignments found ;
; row[2]      ; No output delay, min/max delays, false-path exceptions, or max skew assignments found ;
; row[3]      ; No output delay, min/max delays, false-path exceptions, or max skew assignments found ;
+-------------+---------------------------------------------------------------------------------------+


+--------------------------+
; Timing Analyzer Messages ;
+--------------------------+
Info: *******************************************************************
Info: Running Quartus Prime Timing Analyzer
    Info: Version 18.1.0 Build 625 09/12/2018 SJ Lite Edition
    Info: Processing started: Sun Apr 28 11:11:20 2024
Info: Command: quartus_sta piano -c piano
Info: qsta_default_script.tcl version: #1
Warning (18236): Number of processors has not been specified which may cause overloading on shared machines.  Set the global assignment NUM_PARALLEL_PROCESSORS in your QSF to an appropriate value for best performance.
Info (20030): Parallel compilation is enabled and will use 16 of the 16 processors detected
Info (21077): Low junction temperature is 0 degrees C
Info (21077): High junction temperature is 85 degrees C
Critical Warning (332012): Synopsys Design Constraints File file not found: 'piano.sdc'. A Synopsys Design Constraints File is required by the Timing Analyzer to get proper timing constraints. Without it, the Compiler will not properly optimize the design.
Info (332142): No user constrained generated clocks found in the design. Calling "derive_pll_clocks -create_base_clocks"
Info (332110): Deriving PLL clocks
    Info (332110): create_clock -period 83.333 -waveform {0.000 41.666} -name CLK CLK
    Info (332110): create_generated_clock -source {inst|altpll_component|auto_generated|pll1|inclk[0]} -divide_by 12 -duty_cycle 50.00 -name {inst|altpll_component|auto_generated|pll1|clk[0]} {inst|altpll_component|auto_generated|pll1|clk[0]}
    Info (332110): create_generated_clock -source {inst|altpll_component|auto_generated|pll1|inclk[0]} -divide_by 6000 -duty_cycle 50.00 -name {inst|altpll_component|auto_generated|pll1|clk[1]} {inst|altpll_component|auto_generated|pll1|clk[1]}
Info (332142): No user constrained base clocks found in the design. Calling "derive_clocks -period 1.0"
Info (332105): Deriving Clocks
    Info (332105): create_clock -period 1.000 -name debounce:inst14|clean_key debounce:inst14|clean_key
    Info (332105): create_clock -period 1.000 -name FDIV:inst9|FULL FDIV:inst9|FULL
    Info (332105): create_clock -period 1.000 -name SPKER:inst5|SPKS SPKER:inst5|SPKS
Info (332143): No user constrained clock uncertainty found in the design. Calling "derive_clock_uncertainty"
Info (332123): Deriving Clock Uncertainty. Please refer to report_sdc in the Timing Analyzer to see clock uncertainties.
Info: Found TIMING_ANALYZER_REPORT_SCRIPT_INCLUDE_DEFAULT_ANALYSIS = ON
Info: Analyzing Slow 1200mV 85C Model
Info: Can't run Report Timing Closure Recommendations. The current device family is not supported.
Critical Warning (332148): Timing requirements not met
Info (332146): Worst-case setup slack is -9.188
    Info (332119):     Slack       End Point TNS Clock 
    Info (332119): ========= =================== =====================
    Info (332119):    -9.188             -98.194 inst|altpll_component|auto_generated|pll1|clk[0] 
    Info (332119):    -1.590              -9.979 FDIV:inst9|FULL 
    Info (332119):    -0.685              -0.685 debounce:inst14|clean_key 
    Info (332119):     0.261               0.000 SPKER:inst5|SPKS 
    Info (332119): 499995.499               0.000 inst|altpll_component|auto_generated|pll1|clk[1] 
Info (332146): Worst-case hold slack is -0.576
    Info (332119):     Slack       End Point TNS Clock 
    Info (332119): ========= =================== =====================
    Info (332119):    -0.576              -0.576 inst|altpll_component|auto_generated|pll1|clk[0] 
    Info (332119):     0.378               0.000 inst|altpll_component|auto_generated|pll1|clk[1] 
    Info (332119):     0.379               0.000 debounce:inst14|clean_key 
    Info (332119):     0.412               0.000 SPKER:inst5|SPKS 
    Info (332119):     0.498               0.000 FDIV:inst9|FULL 
Info (332146): Worst-case recovery slack is -2.695
    Info (332119):     Slack       End Point TNS Clock 
    Info (332119): ========= =================== =====================
    Info (332119):    -2.695             -21.560 FDIV:inst9|FULL 
    Info (332119): 499994.950               0.000 inst|altpll_component|auto_generated|pll1|clk[1] 
Info (332146): Worst-case removal slack is 0.868
    Info (332119):     Slack       End Point TNS Clock 
    Info (332119): ========= =================== =====================
    Info (332119):     0.868               0.000 FDIV:inst9|FULL 
    Info (332119):     1.748               0.000 inst|altpll_component|auto_generated|pll1|clk[1] 
Info (332146): Worst-case minimum pulse width slack is -1.487
    Info (332119):     Slack       End Point TNS Clock 
    Info (332119): ========= =================== =====================
    Info (332119):    -1.487             -11.896 FDIV:inst9|FULL 
    Info (332119):    -1.487              -2.974 debounce:inst14|clean_key 
    Info (332119):    -1.487              -1.487 SPKER:inst5|SPKS 
    Info (332119):    41.595               0.000 CLK 
    Info (332119):   499.708               0.000 inst|altpll_component|auto_generated|pll1|clk[0] 
    Info (332119): 249998.730               0.000 inst|altpll_component|auto_generated|pll1|clk[1] 
Info (332114): Report Metastability: Found 1 synchronizer chains.
    Info (332114): The design MTBF is not calculated because there are no specified synchronizers in the design.
    Info (332114): Number of Synchronizer Chains Found: 1
    Info (332114): Shortest Synchronizer Chain: 2 Registers
    Info (332114): Fraction of Chains for which MTBFs Could Not be Calculated: 1.000
    Info (332114): Worst Case Available Settling Time: 0.261 ns
    Info (332114): 
Info: Analyzing Slow 1200mV 0C Model
Info (334003): Started post-fitting delay annotation
Info (334004): Delay annotation completed successfully
Info (332123): Deriving Clock Uncertainty. Please refer to report_sdc in the Timing Analyzer to see clock uncertainties.
Critical Warning (332148): Timing requirements not met
Info (332146): Worst-case setup slack is -8.488
    Info (332119):     Slack       End Point TNS Clock 
    Info (332119): ========= =================== =====================
    Info (332119):    -8.488             -90.538 inst|altpll_component|auto_generated|pll1|clk[0] 
    Info (332119):    -1.335              -8.274 FDIV:inst9|FULL 
    Info (332119):    -0.602              -0.602 debounce:inst14|clean_key 
    Info (332119):     0.334               0.000 SPKER:inst5|SPKS 
    Info (332119): 499995.740               0.000 inst|altpll_component|auto_generated|pll1|clk[1] 
Info (332146): Worst-case hold slack is -0.594
    Info (332119):     Slack       End Point TNS Clock 
    Info (332119): ========= =================== =====================
    Info (332119):    -0.594              -0.594 inst|altpll_component|auto_generated|pll1|clk[0] 
    Info (332119):     0.338               0.000 inst|altpll_component|auto_generated|pll1|clk[1] 
    Info (332119):     0.339               0.000 debounce:inst14|clean_key 
    Info (332119):     0.368               0.000 SPKER:inst5|SPKS 
    Info (332119):     0.467               0.000 FDIV:inst9|FULL 
Info (332146): Worst-case recovery slack is -2.519
    Info (332119):     Slack       End Point TNS Clock 
    Info (332119): ========= =================== =====================
    Info (332119):    -2.519             -20.152 FDIV:inst9|FULL 
    Info (332119): 499995.224               0.000 inst|altpll_component|auto_generated|pll1|clk[1] 
Info (332146): Worst-case removal slack is 0.845
    Info (332119):     Slack       End Point TNS Clock 
    Info (332119): ========= =================== =====================
    Info (332119):     0.845               0.000 FDIV:inst9|FULL 
    Info (332119):     1.607               0.000 inst|altpll_component|auto_generated|pll1|clk[1] 
Info (332146): Worst-case minimum pulse width slack is -1.487
    Info (332119):     Slack       End Point TNS Clock 
    Info (332119): ========= =================== =====================
    Info (332119):    -1.487             -11.896 FDIV:inst9|FULL 
    Info (332119):    -1.487              -2.974 debounce:inst14|clean_key 
    Info (332119):    -1.487              -1.487 SPKER:inst5|SPKS 
    Info (332119):    41.604               0.000 CLK 
    Info (332119):   499.692               0.000 inst|altpll_component|auto_generated|pll1|clk[0] 
    Info (332119): 249998.736               0.000 inst|altpll_component|auto_generated|pll1|clk[1] 
Info (332114): Report Metastability: Found 1 synchronizer chains.
    Info (332114): The design MTBF is not calculated because there are no specified synchronizers in the design.
    Info (332114): Number of Synchronizer Chains Found: 1
    Info (332114): Shortest Synchronizer Chain: 2 Registers
    Info (332114): Fraction of Chains for which MTBFs Could Not be Calculated: 1.000
    Info (332114): Worst Case Available Settling Time: 0.334 ns
    Info (332114): 
Info: Analyzing Fast 1200mV 0C Model
Info (332123): Deriving Clock Uncertainty. Please refer to report_sdc in the Timing Analyzer to see clock uncertainties.
Critical Warning (332148): Timing requirements not met
Info (332146): Worst-case setup slack is -3.283
    Info (332119):     Slack       End Point TNS Clock 
    Info (332119): ========= =================== =====================
    Info (332119):    -3.283             -35.078 inst|altpll_component|auto_generated|pll1|clk[0] 
    Info (332119):    -0.014              -0.014 FDIV:inst9|FULL 
    Info (332119):     0.269               0.000 debounce:inst14|clean_key 
    Info (332119):     0.694               0.000 SPKER:inst5|SPKS 
    Info (332119): 499997.043               0.000 inst|altpll_component|auto_generated|pll1|clk[1] 
Info (332146): Worst-case hold slack is -0.309
    Info (332119):     Slack       End Point TNS Clock 
    Info (332119): ========= =================== =====================
    Info (332119):    -0.309              -0.309 inst|altpll_component|auto_generated|pll1|clk[0] 
    Info (332119):     0.155               0.000 debounce:inst14|clean_key 
    Info (332119):     0.155               0.000 inst|altpll_component|auto_generated|pll1|clk[1] 
    Info (332119):     0.170               0.000 SPKER:inst5|SPKS 
    Info (332119):     0.179               0.000 FDIV:inst9|FULL 
Info (332146): Worst-case recovery slack is -0.560
    Info (332119):     Slack       End Point TNS Clock 
    Info (332119): ========= =================== =====================
    Info (332119):    -0.560              -4.480 FDIV:inst9|FULL 
    Info (332119): 499996.725               0.000 inst|altpll_component|auto_generated|pll1|clk[1] 
Info (332146): Worst-case removal slack is 0.194
    Info (332119):     Slack       End Point TNS Clock 
    Info (332119): ========= =================== =====================
    Info (332119):     0.194               0.000 FDIV:inst9|FULL 
    Info (332119):     0.702               0.000 inst|altpll_component|auto_generated|pll1|clk[1] 
Info (332146): Worst-case minimum pulse width slack is -1.000
    Info (332119):     Slack       End Point TNS Clock 
    Info (332119): ========= =================== =====================
    Info (332119):    -1.000              -8.000 FDIV:inst9|FULL 
    Info (332119):    -1.000              -2.000 debounce:inst14|clean_key 
    Info (332119):    -1.000              -1.000 SPKER:inst5|SPKS 
    Info (332119):    41.318               0.000 CLK 
    Info (332119):   499.757               0.000 inst|altpll_component|auto_generated|pll1|clk[0] 
    Info (332119): 249998.784               0.000 inst|altpll_component|auto_generated|pll1|clk[1] 
Info (332114): Report Metastability: Found 1 synchronizer chains.
    Info (332114): The design MTBF is not calculated because there are no specified synchronizers in the design.
    Info (332114): Number of Synchronizer Chains Found: 1
    Info (332114): Shortest Synchronizer Chain: 2 Registers
    Info (332114): Fraction of Chains for which MTBFs Could Not be Calculated: 1.000
    Info (332114): Worst Case Available Settling Time: 0.694 ns
    Info (332114): 
Info (332102): Design is not fully constrained for setup requirements
Info (332102): Design is not fully constrained for hold requirements
Info: Quartus Prime Timing Analyzer was successful. 0 errors, 5 warnings
    Info: Peak virtual memory: 4927 megabytes
    Info: Processing ended: Sun Apr 28 11:11:26 2024
    Info: Elapsed time: 00:00:06
    Info: Total CPU time (on all processors): 00:00:05


